\BOOKMARK [1][-]{section.1}{\376\377\000I\000n\000t\000r\000o\000d\000u\000c\000t\000i\000o\000n}{}% 1
\BOOKMARK [1][-]{section.2}{\376\377\000M\000a\000t\000h\000e\000m\000a\000t\000i\000c\000a\000l\000\040\000F\000o\000u\000n\000d\000a\000t\000i\000o\000n\000s}{}% 2
\BOOKMARK [2][-]{subsection.2.1}{\376\377\000A\000l\000g\000e\000b\000r\000a\000i\000c\000\040\000R\000e\000p\000r\000e\000s\000e\000n\000t\000a\000t\000i\000o\000n\000\040\000o\000f\000\040\000t\000h\000e\000\040\000L\000u\000o\000s\000h\000u\000\040\000S\000t\000r\000u\000c\000t\000u\000r\000e}{section.2}% 3
\BOOKMARK [2][-]{subsection.2.2}{\376\377\000D\000i\000g\000i\000t\000a\000l\000\040\000R\000o\000o\000t\000\040\000F\000u\000n\000c\000t\000i\000o\000n\000\040\000a\000n\000d\000\040\000F\000i\000x\000e\000d\000\040\000P\000o\000i\000n\000t\000s}{section.2}% 4
\BOOKMARK [2][-]{subsection.2.3}{\376\377\000C\000y\000c\000l\000i\000c\000\040\000S\000u\000b\000g\000r\000o\000u\000p\000\040\000S\000t\000r\000u\000c\000t\000u\000r\000e}{section.2}% 5
\BOOKMARK [1][-]{section.3}{\376\377\000I\000s\000o\000m\000o\000r\000p\000h\000i\000s\000m\000\040\000w\000i\000t\000h\000\040\000Q\000u\000a\000n\000t\000u\000m\000\040\000M\000e\000c\000h\000a\000n\000i\000c\000s}{}% 6
\BOOKMARK [2][-]{subsection.3.1}{\376\377\000Q\000u\000a\000n\000t\000u\000m\000\040\000S\000u\000p\000e\000r\000p\000o\000s\000i\000t\000i\000o\000n\000\040\000S\000t\000a\000t\000e\000\040\000M\000a\000p\000p\000i\000n\000g}{section.3}% 7
\BOOKMARK [2][-]{subsection.3.2}{\376\377\000M\000e\000a\000s\000u\000r\000e\000m\000e\000n\000t\000\040\000a\000n\000d\000\040\000D\000e\000c\000i\000s\000i\000o\000n\000\040\000C\000o\000n\000v\000e\000r\000g\000e\000n\000c\000e}{section.3}% 8
\BOOKMARK [1][-]{section.4}{\376\377\000B\000i\000n\000a\000r\000y\000\040\000E\000n\000c\000o\000d\000i\000n\000g\000\040\000o\000f\000\040\000t\000h\000e\000\040\0006\0004\000\040\000H\000e\000x\000a\000g\000r\000a\000m\000s}{}% 9
\BOOKMARK [2][-]{subsection.4.1}{\376\377\0006\0004\000\040\000H\000e\000x\000a\000g\000r\000a\000m\000s\000\040\000a\000n\000d\000\040\0006\000-\000b\000i\000t\000\040\000B\000i\000n\000a\000r\000y}{section.4}% 10
\BOOKMARK [2][-]{subsection.4.2}{\376\377\000X\000i\000a\000n\000t\000i\000a\000n\000\040\000B\000a\000g\000u\000a\000\040\000O\000r\000d\000e\000r\000\040\000a\000n\000d\000\040\000P\000a\000r\000i\000t\000y\000\040\000S\000e\000p\000a\000r\000a\000t\000i\000o\000n}{section.4}% 11
\BOOKMARK [1][-]{section.5}{\376\377\000A\000I\000\040\000E\000t\000h\000i\000c\000s\000\040\000W\000e\000i\000g\000h\000t\000i\000n\000g\000\040\000S\000y\000s\000t\000e\000m}{}% 12
\BOOKMARK [2][-]{subsection.5.1}{\376\377\000L\000o\000n\000g\000h\000u\000n\000\040\000S\000e\000v\000e\000n\000-\000D\000i\000m\000e\000n\000s\000i\000o\000n\000a\000l\000\040\000W\000e\000i\000g\000h\000t\000\040\000F\000r\000a\000m\000e\000w\000o\000r\000k}{section.5}% 13
\BOOKMARK [2][-]{subsection.5.2}{\376\377\000T\000r\000i\000-\000C\000o\000l\000o\000r\000\040\000A\000u\000d\000i\000t\000\040\000a\000n\000d\000\040\0003\0006\0009\000\040\000C\000i\000r\000c\000u\000i\000t\000\040\000B\000r\000e\000a\000k\000i\000n\000g}{section.5}% 14
\BOOKMARK [2][-]{subsection.5.3}{\376\377\000E\000x\000p\000e\000r\000i\000m\000e\000n\000t\000a\000l\000\040\000V\000e\000r\000i\000f\000i\000c\000a\000t\000i\000o\000n}{section.5}% 15
\BOOKMARK [1][-]{section.6}{\376\377\000C\000r\000o\000s\000s\000-\000C\000i\000v\000i\000l\000i\000z\000a\000t\000i\000o\000n\000\040\000V\000a\000l\000i\000d\000a\000t\000i\000o\000n}{}% 16
\BOOKMARK [2][-]{subsection.6.1}{\376\377\000I\000n\000d\000e\000p\000e\000n\000d\000e\000n\000t\000\040\000E\000a\000s\000t\000-\000W\000e\000s\000t\000\040\000D\000i\000s\000c\000o\000v\000e\000r\000i\000e\000s}{section.6}% 17
\BOOKMARK [2][-]{subsection.6.2}{\376\377\000S\000t\000r\000i\000n\000g\000\040\000T\000h\000e\000o\000r\000y\000\040\000D\000i\000m\000e\000n\000s\000i\000o\000n\000a\000l\000\040\000V\000a\000l\000i\000d\000a\000t\000i\000o\000n}{section.6}% 18
\BOOKMARK [1][-]{section.7}{\376\377\000T\000a\000i\000j\000i\000\040\000R\000e\000c\000u\000r\000s\000i\000v\000e\000\040\000G\000e\000n\000e\000r\000a\000t\000i\000o\000n\000\040\000T\000h\000e\000o\000r\000e\000m}{}% 19
\BOOKMARK [2][-]{subsection.7.1}{\376\377\000F\000o\000r\000m\000a\000l\000\040\000D\000e\000f\000i\000n\000i\000t\000i\000o\000n\000\040\000o\000f\000\040\000t\000h\000e\000\040\000R\000e\000c\000u\000r\000s\000i\000v\000e\000\040\000G\000e\000n\000e\000r\000a\000t\000i\000o\000n\000\040\000F\000u\000n\000c\000t\000i\000o\000n}{section.7}% 20
\BOOKMARK [2][-]{subsection.7.2}{\376\377\000I\000s\000o\000m\000o\000r\000p\000h\000i\000s\000m\000\040\000w\000i\000t\000h\000\040\000M\000o\000d\000e\000r\000n\000\040\000C\000o\000m\000p\000u\000t\000e\000r\000\040\000S\000c\000i\000e\000n\000c\000e}{section.7}% 21
\BOOKMARK [2][-]{subsection.7.3}{\376\377\000L\000e\000i\000b\000n\000i\000z\000'\000s\000\040\000C\000o\000n\000f\000i\000r\000m\000a\000t\000i\000o\000n}{section.7}% 22
\BOOKMARK [1][-]{section.8}{\376\377\000Y\000i\000n\000-\000Y\000a\000n\000g\000\040\000M\000u\000t\000a\000t\000i\000o\000n\000\040\000a\000s\000\040\000F\000i\000n\000i\000t\000e\000-\000S\000t\000a\000t\000e\000\040\000A\000u\000t\000o\000m\000a\000t\000o\000n}{}% 23
\BOOKMARK [2][-]{subsection.8.1}{\376\377\000F\000o\000r\000m\000a\000l\000\040\000D\000e\000f\000i\000n\000i\000t\000i\000o\000n\000\040\000o\000f\000\040\000I\000-\000F\000S\000A}{section.8}% 24
\BOOKMARK [2][-]{subsection.8.2}{\376\377\000P\000r\000e\000c\000i\000s\000e\000\040\000D\000e\000f\000i\000n\000i\000t\000i\000o\000n\000\040\000o\000f\000\040\000t\000h\000e\000\040\000T\000r\000a\000n\000s\000i\000t\000i\000o\000n\000\040\000F\000u\000n\000c\000t\000i\000o\000n}{section.8}% 25
\BOOKMARK [2][-]{subsection.8.3}{\376\377\000I\000\040\000C\000h\000i\000n\000g\000\040\000S\000t\000a\000t\000e\000\040\000T\000r\000a\000n\000s\000i\000t\000i\000o\000n\000\040\000M\000a\000t\000r\000i\000x}{section.8}% 26
\BOOKMARK [2][-]{subsection.8.4}{\376\377\000M\000a\000t\000h\000e\000m\000a\000t\000i\000c\000a\000l\000\040\000P\000r\000o\000o\000f\000\040\000o\000f\000\040\000t\000h\000e\000\040\000T\000h\000r\000e\000e\000\040\000Y\000i\000\040\000P\000r\000i\000n\000c\000i\000p\000l\000e\000s}{section.8}% 27
\BOOKMARK [2][-]{subsection.8.5}{\376\377\000I\000E\000E\000E\000\040\000A\000c\000a\000d\000e\000m\000i\000c\000\040\000C\000o\000n\000f\000i\000r\000m\000a\000t\000i\000o\000n}{section.8}% 28
\BOOKMARK [1][-]{section.9}{\376\377\000W\000u\000x\000i\000n\000g\000\040\000G\000e\000n\000e\000r\000a\000t\000i\000o\000n\000-\000O\000v\000e\000r\000c\000o\000m\000i\000n\000g\000\040\000a\000s\000\040\000a\000\040\000D\000i\000r\000e\000c\000t\000e\000d\000\040\000G\000r\000a\000p\000h}{}% 29
\BOOKMARK [2][-]{subsection.9.1}{\376\377\000F\000o\000r\000m\000a\000l\000\040\000D\000e\000f\000i\000n\000i\000t\000i\000o\000n\000\040\000o\000f\000\040\000t\000h\000e\000\040\000W\000u\000x\000i\000n\000g\000\040\000D\000i\000r\000e\000c\000t\000e\000d\000\040\000G\000r\000a\000p\000h}{section.9}% 30
\BOOKMARK [2][-]{subsection.9.2}{\376\377\000A\000d\000j\000a\000c\000e\000n\000c\000y\000\040\000M\000a\000t\000r\000i\000x\000\040\000R\000e\000p\000r\000e\000s\000e\000n\000t\000a\000t\000i\000o\000n}{section.9}% 31
\BOOKMARK [2][-]{subsection.9.3}{\376\377\000W\000u\000x\000i\000n\000g\000\040\000E\000i\000g\000e\000n\000v\000a\000l\000u\000e\000s\000\040\000a\000n\000d\000\040\000B\000a\000l\000a\000n\000c\000e\000\040\000C\000o\000n\000d\000i\000t\000i\000o\000n}{section.9}% 32
\BOOKMARK [2][-]{subsection.9.4}{\376\377\000W\000u\000x\000i\000n\000g\000\040\000W\000e\000i\000g\000h\000t\000\040\000P\000r\000o\000p\000a\000g\000a\000t\000i\000o\000n\000\040\000a\000n\000d\000\040\000A\000I\000\040\000D\000e\000c\000i\000s\000i\000o\000n}{section.9}% 33
\BOOKMARK [1][-]{section.10}{\376\377\000H\000e\000t\000u\000-\000L\000u\000o\000s\000h\000u\000\040\000D\000u\000a\000l\000i\000t\000y\000\040\000T\000h\000e\000o\000r\000e\000m}{}% 34
\BOOKMARK [2][-]{subsection.10.1}{\376\377\000A\000l\000g\000e\000b\000r\000a\000i\000c\000\040\000S\000t\000r\000u\000c\000t\000u\000r\000e\000\040\000o\000f\000\040\000H\000e\000t\000u}{section.10}% 35
\BOOKMARK [2][-]{subsection.10.2}{\376\377\000H\000e\000t\000u\000-\000L\000u\000o\000s\000h\000u\000\040\000D\000u\000a\000l\000i\000t\000y}{section.10}% 36
\BOOKMARK [1][-]{section.11}{\376\377\000T\000i\000a\000n\000-\000R\000e\000n\000\040\000H\000e\000y\000i\000\040\000U\000n\000i\000f\000i\000e\000d\000\040\000F\000i\000e\000l\000d\000\040\000F\000o\000r\000m\000u\000l\000a}{}% 37
\BOOKMARK [2][-]{subsection.11.1}{\376\377\000R\000e\000v\000i\000e\000w\000\040\000o\000f\000\040\000t\000h\000e\000\040\000S\000i\000x\000\040\000S\000u\000b\000s\000y\000s\000t\000e\000m\000s}{section.11}% 38
\BOOKMARK [2][-]{subsection.11.2}{\376\377\000U\000n\000i\000f\000i\000e\000d\000\040\000F\000i\000e\000l\000d\000\040\000F\000o\000r\000m\000u\000l\000a}{section.11}% 39
\BOOKMARK [2][-]{subsection.11.3}{\376\377\000P\000r\000o\000o\000f\000\040\000o\000f\000\040\000t\000h\000e\000\040\000U\000n\000i\000f\000i\000e\000d\000\040\000F\000i\000e\000l\000d\000\040\000T\000h\000e\000o\000r\000e\000m}{section.11}% 40
\BOOKMARK [2][-]{subsection.11.4}{\376\377\000A\000l\000l\000-\000T\000h\000i\000n\000g\000s\000\040\000C\000o\000r\000r\000e\000s\000p\000o\000n\000d\000e\000n\000c\000e\000\040\000T\000a\000b\000l\000e}{section.11}% 41
\BOOKMARK [2][-]{subsection.11.5}{\376\377\000W\000h\000y\000\040\000T\000h\000i\000s\000\040\000F\000o\000r\000m\000u\000l\000a\000\040\000`\000`\000E\000n\000c\000o\000m\000p\000a\000s\000s\000e\000s\000\040\000A\000l\000l\000\040\000T\000h\000i\000n\000g\000s\000'\000'}{section.11}% 42
\BOOKMARK [1][-]{section.12}{\376\377\000J\000o\000u\000r\000n\000e\000y\000\040\000t\000o\000\040\000t\000h\000e\000\040\000W\000e\000s\000t\000\040\000H\000u\000m\000a\000n\000-\000N\000a\000t\000u\000r\000e\000\040\000W\000u\000x\000i\000n\000g\000\040\000M\000o\000d\000e\000l}{}% 43
\BOOKMARK [2][-]{subsection.12.1}{\376\377\000W\000u\000x\000i\000n\000g\000\040\000I\000s\000o\000m\000o\000r\000p\000h\000i\000c\000\040\000M\000a\000p\000p\000i\000n\000g\000\040\000o\000f\000\040\000t\000h\000e\000\040\000F\000i\000v\000e\000\040\000P\000i\000l\000g\000r\000i\000m\000s}{section.12}% 44
\BOOKMARK [2][-]{subsection.12.2}{\376\377\000H\000e\000a\000r\000t\000-\000M\000o\000n\000k\000e\000y\000\040\000W\000i\000l\000l\000-\000H\000o\000r\000s\000e\000\040\000C\000o\000u\000p\000l\000e\000d\000\040\000D\000y\000n\000a\000m\000i\000c\000a\000l\000\040\000S\000y\000s\000t\000e\000m}{section.12}% 45
\BOOKMARK [2][-]{subsection.12.3}{\376\377\000T\000h\000e\000\040\0008\0001\000\040\000T\000r\000i\000b\000u\000l\000a\000t\000i\000o\000n\000s\000\040\000a\000s\000\040\000S\000G\000D\000\040\000C\000o\000n\000v\000e\000r\000g\000e\000n\000c\000e}{section.12}% 46
\BOOKMARK [2][-]{subsection.12.4}{\376\377\000I\000s\000o\000m\000o\000r\000p\000h\000i\000s\000m\000\040\000w\000i\000t\000h\000\040\000A\000I\000\040\000P\000e\000r\000s\000o\000n\000a\000l\000i\000t\000y\000\040\000S\000y\000s\000t\000e\000m\000s}{section.12}% 47
\BOOKMARK [2][-]{subsection.12.5}{\376\377\000C\000o\000n\000n\000e\000c\000t\000i\000o\000n\000\040\000t\000o\000\040\000t\000h\000e\000\040\000U\000n\000i\000f\000i\000e\000d\000\040\000F\000i\000e\000l\000d\000\040\000F\000o\000r\000m\000u\000l\000a}{section.12}% 48
\BOOKMARK [1][-]{section.13}{\376\377\000H\000u\000m\000a\000n\000-\000N\000a\000t\000u\000r\000e\000\040\0003\0006\0009\000:\000\040\000I\000n\000f\000o\000r\000m\000a\000t\000i\000o\000n\000\040\000P\000r\000o\000p\000a\000g\000a\000t\000i\000o\000n\000\040\000T\000h\000e\000o\000r\000e\000m}{}% 49
\BOOKMARK [2][-]{subsection.13.1}{\376\377\000I\000n\000f\000o\000r\000m\000a\000t\000i\000o\000n\000\040\000P\000r\000o\000p\000a\000g\000a\000t\000i\000o\000n\000\040\0003\0006\0009\000\040\000M\000o\000d\000e\000l}{section.13}% 50
\BOOKMARK [2][-]{subsection.13.2}{\376\377\000P\000r\000o\000p\000a\000g\000a\000t\000i\000o\000n\000\040\000S\000e\000v\000e\000r\000a\000n\000c\000e\000\040\000C\000l\000a\000s\000s\000i\000f\000i\000c\000a\000t\000i\000o\000n}{section.13}% 51
\BOOKMARK [2][-]{subsection.13.3}{\376\377\000T\000h\000e\000o\000r\000e\000m\000\040\0001\0009\000:\000\040\000L\000o\000n\000g\000x\000i\000n\000\040\000A\000I\000\040\000R\000e\000a\000l\000-\000T\000i\000m\000e\000\040\000V\000e\000r\000i\000f\000i\000c\000a\000t\000i\000o\000n\000\040\000T\000h\000e\000o\000r\000e\000m}{section.13}% 52
\BOOKMARK [2][-]{subsection.13.4}{\376\377\000W\000h\000y\000\040\000H\000u\000m\000a\000n\000-\000N\000a\000t\000u\000r\000e\000\040\000I\000s\000\040\000t\000h\000e\000\040\000S\000t\000r\000o\000n\000g\000e\000s\000t\000\040\000I\000n\000v\000a\000r\000i\000a\000n\000t}{section.13}% 53
\BOOKMARK [1][-]{section.14}{\376\377\000P\000r\000i\000v\000a\000t\000e\000\040\000D\000o\000m\000a\000i\000n\000\040\000S\000o\000v\000e\000r\000e\000i\000g\000n\000t\000y\000\040\000T\000h\000e\000o\000r\000e\000m}{}% 54
\BOOKMARK [2][-]{subsection.14.1}{\376\377\000P\000r\000i\000v\000a\000t\000e\000\040\000D\000o\000m\000a\000i\000n\000\040\0003\0006\0009\000\040\000S\000t\000r\000u\000c\000t\000u\000r\000e}{section.14}% 55
\BOOKMARK [2][-]{subsection.14.2}{\376\377\000D\000e\000v\000i\000c\000e\000\040\000S\000o\000v\000e\000r\000e\000i\000g\000n\000t\000y\000\040\000a\000n\000d\000\040\000D\000a\000t\000a\000\040\000S\000o\000v\000e\000r\000e\000i\000g\000n\000t\000y\000\040\000I\000s\000o\000m\000o\000r\000p\000h\000i\000s\000m}{section.14}% 56
\BOOKMARK [2][-]{subsection.14.3}{\376\377\000C\000o\000n\000n\000e\000c\000t\000i\000o\000n\000\040\000t\000o\000\040\000I\000n\000f\000o\000r\000m\000a\000t\000i\000o\000n\000\040\000P\000r\000o\000p\000a\000g\000a\000t\000i\000o\000n\000\040\000S\000e\000v\000e\000r\000a\000n\000c\000e\000\040\000T\000h\000e\000o\000r\000e\000m}{section.14}% 57
\BOOKMARK [1][-]{section.15}{\376\377\000D\000i\000s\000c\000u\000s\000s\000i\000o\000n\000\040\000a\000n\000d\000\040\000F\000u\000t\000u\000r\000e\000\040\000D\000i\000r\000e\000c\000t\000i\000o\000n\000s}{}% 58
\BOOKMARK [2][-]{subsection.15.1}{\376\377\000L\000i\000m\000i\000t\000a\000t\000i\000o\000n\000s}{section.15}% 59
\BOOKMARK [2][-]{subsection.15.2}{\376\377\000F\000u\000t\000u\000r\000e\000\040\000D\000i\000r\000e\000c\000t\000i\000o\000n\000s}{section.15}% 60
\BOOKMARK [1][-]{section.16}{\376\377\000C\000o\000n\000c\000l\000u\000s\000i\000o\000n}{}% 61
\BOOKMARK [2][-]{subsection.16.1}{\376\377\000F\000i\000v\000e\000\040\000B\000o\000t\000t\000l\000e\000n\000e\000c\000k\000s\000\040\000\050\000w\000i\000t\000h\000\040\000E\000n\000g\000i\000n\000e\000e\000r\000i\000n\000g\000\040\000A\000c\000t\000i\000o\000n\000s\000\051}{section.16}% 62
\BOOKMARK [2][-]{subsection.16.2}{\376\377\0001\0000\0000\000K\000\040\000S\000i\000m\000u\000l\000a\000t\000i\000o\000n\000\040\000C\000o\000n\000v\000e\000r\000g\000e\000n\000t\000\040\000C\000o\000n\000c\000l\000u\000s\000i\000o\000n\000:\000\040\000T\000h\000r\000e\000e\000\040\000M\000a\000i\000n\000\040\000P\000a\000t\000h\000s}{section.16}% 63
\BOOKMARK [2][-]{subsection.16.3}{\376\377\000T\000r\000i\000-\000C\000o\000l\000o\000r\000\040\000A\000u\000d\000i\000t\000\040\000\050\000E\000x\000e\000c\000u\000t\000a\000b\000i\000l\000i\000t\000y\000\040\000D\000e\000t\000e\000r\000m\000i\000n\000a\000t\000i\000o\000n\000\051}{section.16}% 64
\BOOKMARK [2][-]{subsection.16.4}{\376\377\000M\000i\000n\000i\000m\000a\000l\000\040\000E\000x\000e\000c\000u\000t\000a\000b\000l\000e\000\040\000I\000n\000t\000e\000r\000f\000a\000c\000e\000\040\000\050\000B\000l\000a\000c\000k\000-\000B\000o\000x\000e\000d\000\051}{section.16}% 65
\BOOKMARK [2][-]{subsection.16.5}{\376\377\000E\000x\000e\000c\000u\000t\000i\000o\000n\000\040\000R\000e\000c\000o\000r\000d\000\040\000S\000c\000h\000e\000m\000a\000\040\000\050\000J\000S\000O\000N\000L\000,\000\040\000A\000p\000p\000e\000n\000d\000-\000O\000n\000l\000y\000,\000\040\000A\000u\000d\000i\000t\000a\000b\000l\000e\000\051}{section.16}% 66
\BOOKMARK [1][-]{section*.3}{\376\377\000R\000e\000f\000e\000r\000e\000n\000c\000e\000s}{}% 67
