# DNA: #龍芯⚡️丙午·丙申·甲戌·卯时·䷐随-QUAD-SYNC-v1.0-ATTRIBUTION-8c26d5f
# 归属名: 诸葛鑫 | UID9622 · 龍芯北辰
\BOOKMARK [1][-]{section.1}{\376\377\000I\000n\000t\000r\000o\000d\000u\000c\000t\000i\000o\000n}{}% 1
\BOOKMARK [2][-]{subsection.1.1}{\376\377\000T\000h\000e\000\040\000P\000r\000o\000b\000l\000e\000m\000\040\000w\000i\000t\000h\000\040\000M\000e\000c\000h\000a\000n\000i\000c\000a\000l\000\040\000W\000e\000i\000g\000h\000t\000s}{section.1}% 2
\BOOKMARK [2][-]{subsection.1.2}{\376\377\000T\000h\000e\000\040\000L\000o\000n\000g\000H\000u\000n\000\040\000I\000n\000s\000i\000g\000h\000t}{section.1}% 3
\BOOKMARK [2][-]{subsection.1.3}{\376\377\000C\000l\000a\000s\000s\000i\000c\000a\000l\000\040\000F\000o\000u\000n\000d\000a\000t\000i\000o\000n\000s}{section.1}% 4
\BOOKMARK [1][-]{section.2}{\376\377\000S\000y\000s\000t\000e\000m\000\040\000A\000r\000c\000h\000i\000t\000e\000c\000t\000u\000r\000e\000\040\000O\000v\000e\000r\000v\000i\000e\000w}{}% 5
\BOOKMARK [1][-]{section.3}{\376\377\000L\000a\000y\000e\000r\000\040\0001\000:\000\040\000T\000a\000i\000j\000i\000\040\000Y\000i\000n\040\023\000Y\000a\000n\000g\000\040\000D\000y\000n\000a\000m\000i\000c\000\040\000W\000e\000i\000g\000h\000t}{}% 6
\BOOKMARK [2][-]{subsection.3.1}{\376\377\000T\000h\000e\000\040\000C\000o\000n\000s\000e\000r\000v\000a\000t\000i\000o\000n\000\040\000L\000a\000w}{section.3}% 7
\BOOKMARK [2][-]{subsection.3.2}{\376\377\000D\000y\000n\000a\000m\000i\000c\000\040\000B\000a\000l\000a\000n\000c\000e\000\040\000E\000q\000u\000a\000t\000i\000o\000n}{section.3}% 8
\BOOKMARK [1][-]{section.4}{\376\377\000L\000a\000y\000e\000r\000\040\0002\000:\000\040\000I\000\040\000C\000h\000i\000n\000g\000\040\000E\000i\000g\000h\000t\000-\000H\000e\000x\000a\000g\000r\000a\000m\000\040\000S\000c\000e\000n\000e\000\040\000M\000a\000t\000r\000i\000x}{}% 9
\BOOKMARK [2][-]{subsection.4.1}{\376\377\000T\000w\000e\000l\000v\000e\000-\000B\000r\000a\000n\000c\000h\000\040\000T\000i\000m\000e\000\040\000M\000a\000p\000p\000i\000n\000g}{section.4}% 10
\BOOKMARK [2][-]{subsection.4.2}{\376\377\000W\000h\000y\000\040\000T\000i\000m\000e\000-\000D\000e\000p\000e\000n\000d\000e\000n\000t\000\040\000W\000e\000i\000g\000h\000t\000s\000?}{section.4}% 11
\BOOKMARK [1][-]{section.5}{\376\377\000L\000a\000y\000e\000r\000s\000\040\0003\000\040\000\046\000\040\0004\000:\000\040\000C\000o\000r\000e\000\040\000F\000o\000r\000m\000u\000l\000a\000\040\000a\000n\000d\000\040\000W\000e\000a\000k\000\040\000P\000r\000o\000t\000e\000c\000t\000i\000o\000n}{}% 12
\BOOKMARK [2][-]{subsection.5.1}{\376\377\000O\000r\000a\000c\000l\000e\000\040\000B\000o\000n\000e\000\040\000W\000e\000a\000k\000-\000G\000r\000o\000u\000p\000\040\000P\000r\000o\000t\000e\000c\000t\000i\000o\000n\000\040\000\050\000L\000a\000y\000e\000r\000\040\0004\000\051}{section.5}% 13
\BOOKMARK [2][-]{subsection.5.2}{\376\377\000L\000o\000n\000g\000H\000u\000n\000\040\000C\000o\000r\000e\000\040\000F\000o\000r\000m\000u\000l\000a\000\040\000\050\000L\000a\000y\000e\000r\000\040\0003\000\051}{section.5}% 14
\BOOKMARK [2][-]{subsection.5.3}{\376\377\000T\000r\000i\000C\000o\000l\000o\000r\000\040\000A\000u\000d\000i\000t\000\040\000\050\000L\000a\000y\000e\000r\000\040\000C\000e\000i\000l\000i\000n\000g\000\051}{section.5}% 15
\BOOKMARK [1][-]{section.6}{\376\377\000C\000o\000m\000p\000l\000e\000t\000e\000\040\000A\000l\000g\000o\000r\000i\000t\000h\000m}{}% 16
\BOOKMARK [2][-]{subsection.6.1}{\376\377\000I\000m\000p\000l\000e\000m\000e\000n\000t\000a\000t\000i\000o\000n\000:\000\040\000P\000y\000t\000h\000o\000n\000\040\000v\0002\000.\0001}{section.6}% 17
\BOOKMARK [2][-]{subsection.6.2}{\376\377\000C\000N\000S\000H\000\040\000N\000a\000t\000i\000v\000e\000\040\000I\000m\000p\000l\000e\000m\000e\000n\000t\000a\000t\000i\000o\000n}{section.6}% 18
\BOOKMARK [1][-]{section.7}{\376\377\000W\000h\000y\000\040\000O\000t\000h\000e\000r\000s\000\040\000C\000a\000n\000n\000o\000t\000\040\000T\000a\000k\000e\000\040\000t\000h\000e\000\040\000S\000o\000u\000l}{}% 19
\BOOKMARK [1][-]{section.8}{\376\377\000E\000x\000p\000e\000r\000i\000m\000e\000n\000t\000a\000l\000\040\000E\000v\000a\000l\000u\000a\000t\000i\000o\000n}{}% 20
\BOOKMARK [2][-]{subsection.8.1}{\376\377\000B\000e\000n\000c\000h\000m\000a\000r\000k\000:\000\040\0002\0000\0000\000,\0000\0000\0000\000\040\000G\000o\000v\000e\000r\000n\000a\000n\000c\000e\000\040\000S\000c\000e\000n\000a\000r\000i\000o\000s}{section.8}% 21
\BOOKMARK [2][-]{subsection.8.2}{\376\377\000B\000e\000n\000e\000f\000i\000t\000-\000t\000o\000-\000L\000o\000s\000s\000\040\000R\000a\000t\000i\000o\000\040\000I\000m\000p\000r\000o\000v\000e\000m\000e\000n\000t}{section.8}% 22
\BOOKMARK [1][-]{section.9}{\376\377\000T\000h\000r\000e\000e\000-\000F\000o\000r\000m\000a\000t\000\040\000S\000p\000e\000c\000i\000f\000i\000c\000a\000t\000i\000o\000n}{}% 23
\BOOKMARK [1][-]{section.10}{\376\377\000H\000e\000x\000a\000g\000r\000a\000m\000\040\000S\000e\000m\000a\000n\000t\000i\000c\000\040\000W\000e\000i\000g\000h\000t\000\040\000D\000e\000r\000i\000v\000a\000t\000i\000o\000n}{}% 24
\BOOKMARK [2][-]{subsection.10.1}{\376\377\000F\000o\000u\000r\000-\000D\000i\000m\000e\000n\000s\000i\000o\000n\000a\000l\000\040\000S\000e\000m\000a\000n\000t\000i\000c\000\040\000F\000e\000a\000t\000u\000r\000e\000\040\000V\000e\000c\000t\000o\000r}{section.10}% 25
\BOOKMARK [2][-]{subsection.10.2}{\376\377\000S\000e\000m\000a\000n\000t\000i\000c\000\040\000V\000e\000c\000t\000o\000r\000\040\000L\000i\000b\000r\000a\000r\000y\000\040\000\050\000D\000e\000r\000i\000v\000e\000d\000\040\000f\000r\000o\000m\000\040\000I\000\040\000C\000h\000i\000n\000g\000\040\000C\000l\000a\000s\000s\000i\000c\000s\000\051}{section.10}% 26
\BOOKMARK [2][-]{subsection.10.3}{\376\377\000W\000e\000i\000g\000h\000t\000\040\000G\000e\000n\000e\000r\000a\000t\000i\000o\000n\000\040\000F\000u\000n\000c\000t\000i\000o\000n}{section.10}% 27
\BOOKMARK [2][-]{subsection.10.4}{\376\377\000V\000e\000r\000i\000f\000i\000c\000a\000t\000i\000o\000n\000:\000\040\000D\000e\000r\000i\000v\000a\000t\000i\000o\000n\000\040\000R\000e\000p\000r\000o\000d\000u\000c\000e\000s\000\040\000v\0002\000.\0000\000\040\000M\000a\000t\000r\000i\000x}{section.10}% 28
\BOOKMARK [1][-]{section.11}{\376\377\000F\000o\000r\000m\000a\000l\000\040\000S\000a\000f\000e\000t\000y\000\040\000I\000n\000v\000a\000r\000i\000a\000n\000t\000s}{}% 29
\BOOKMARK [1][-]{section.12}{\376\377\000T\000h\000r\000e\000a\000t\000\040\000M\000o\000d\000e\000l\000\040\000a\000n\000d\000\040\000A\000d\000v\000e\000r\000s\000a\000r\000i\000a\000l\000\040\000A\000n\000a\000l\000y\000s\000i\000s}{}% 30
\BOOKMARK [2][-]{subsection.12.1}{\376\377\000A\000d\000v\000e\000r\000s\000a\000r\000y\000\040\000C\000a\000p\000a\000b\000i\000l\000i\000t\000i\000e\000s}{section.12}% 31
\BOOKMARK [2][-]{subsection.12.2}{\376\377\000A\000t\000t\000a\000c\000k\040\023\000D\000e\000f\000e\000n\000s\000e\000\040\000M\000a\000t\000r\000i\000x}{section.12}% 32
\BOOKMARK [1][-]{section.13}{\376\377\000R\000u\000n\000t\000i\000m\000e\000\040\000D\000e\000p\000l\000o\000y\000m\000e\000n\000t\000\040\000A\000r\000c\000h\000i\000t\000e\000c\000t\000u\000r\000e}{}% 33
\BOOKMARK [1][-]{section.14}{\376\377\000A\000n\000t\000i\000-\000M\000y\000s\000t\000i\000c\000i\000s\000m\000\040\000D\000e\000c\000l\000a\000r\000a\000t\000i\000o\000n}{}% 34
\BOOKMARK [1][-]{section.15}{\376\377\000B\000a\000s\000e\000l\000i\000n\000e\000\040\000C\000o\000m\000p\000a\000r\000i\000s\000o\000n}{}% 35
\BOOKMARK [1][-]{section.16}{\376\377\000F\000r\000o\000m\000\040\000P\000a\000p\000e\000r\000\040\000t\000o\000\040\000G\000o\000v\000e\000r\000n\000a\000n\000c\000e\000\040\000K\000e\000r\000n\000e\000l}{}% 36
\BOOKMARK [1][-]{section.17}{\376\377\000C\000o\000n\000c\000l\000u\000s\000i\000o\000n}{}% 37
\BOOKMARK [1][-]{section*.2}{\376\377\000R\000e\000f\000e\000r\000e\000n\000c\000e\000s}{}% 38
\BOOKMARK [1][-]{section*.3}{\376\377\000A\000p\000p\000e\000n\000d\000i\000x}{}% 39
